// Jest Snapshot v1, https://goo.gl/fbAQLP

exports[`<ListItem /> renders correctly 1`] = `
<View>
  <View
    style={
      Object {
        "alignItems": "center",
        "backgroundColor": "white",
        "borderBottomWidth": 0.5,
        "borderColor": "#bcbbc1",
        "flexDirection": "row",
        "padding": 14,
      }
    }
  >
    <View
      style={
        Object {
          "backgroundColor": "transparent",
          "borderRadius": 20,
          "height": 40,
          "width": 40,
        }
      }
      theme={
        Object {
          "colors": Object {
            "disabled": "hsl(208, 8%, 90%)",
            "divider": "#bcbbc1",
            "error": "#ff190c",
            "grey0": "#393e42",
            "grey1": "#43484d",
            "grey2": "#5e6977",
            "grey3": "#86939e",
            "grey4": "#bdc6cf",
            "grey5": "#e1e8ee",
            "greyOutline": "#bbb",
            "platform": Object {
              "android": Object {
                "error": "#f44336",
                "primary": "#2196f3",
                "secondary": "#9C27B0",
                "success": "#4caf50",
                "warning": "#ffeb3b",
              },
              "ios": Object {
                "error": "#ff3b30",
                "primary": "#007aff",
                "secondary": "#5856d6",
                "success": "#4cd964",
                "warning": "#ffcc00",
              },
            },
            "primary": "#2089dc",
            "searchBg": "#303337",
            "secondary": "#8F0CE8",
            "success": "#52c41a",
            "warning": "#faad14",
          },
        }
      }
    >
      <View
        accessibilityIgnoresInvertColors={true}
        style={
          Object {
            "backgroundColor": "#bdbdbd",
            "borderRadius": 20,
            "flex": 1,
            "overflow": "hidden",
            "position": "relative",
          }
        }
      >
        <Image
          onLoad={[Function]}
          source={
            Object {
              "uri": "https://s3.amazonaws.com/uifaces/faces/twitter/cherif_b/128.jpg",
            }
          }
          style={
            Array [
              Object {
                "bottom": 0,
                "left": 0,
                "position": "absolute",
                "right": 0,
                "top": 0,
              },
              Object {
                "height": null,
                "width": null,
              },
            ]
          }
          testID="RNE__Image"
          theme={
            Object {
              "colors": Object {
                "disabled": "hsl(208, 8%, 90%)",
                "divider": "#bcbbc1",
                "error": "#ff190c",
                "grey0": "#393e42",
                "grey1": "#43484d",
                "grey2": "#5e6977",
                "grey3": "#86939e",
                "grey4": "#bdc6cf",
                "grey5": "#e1e8ee",
                "greyOutline": "#bbb",
                "platform": Object {
                  "android": Object {
                    "error": "#f44336",
                    "primary": "#2196f3",
                    "secondary": "#9C27B0",
                    "success": "#4caf50",
                    "warning": "#ffeb3b",
                  },
                  "ios": Object {
                    "error": "#ff3b30",
                    "primary": "#007aff",
                    "secondary": "#5856d6",
                    "success": "#4cd964",
                    "warning": "#ffcc00",
                  },
                },
                "primary": "#2089dc",
                "searchBg": "#303337",
                "secondary": "#8F0CE8",
                "success": "#52c41a",
                "warning": "#faad14",
              },
            }
          }
        />
        <View
          accessibilityElementsHidden={true}
          importantForAccessibility="no-hide-descendants"
          pointerEvents="none"
          style={
            Object {
              "bottom": 0,
              "left": 0,
              "opacity": 1,
              "position": "absolute",
              "right": 0,
              "top": 0,
            }
          }
        >
          <View
            style={
              Object {
                "alignItems": "center",
                "backgroundColor": "#bdbdbd",
                "flex": 1,
                "height": null,
                "justifyContent": "center",
                "width": null,
              }
            }
            testID="RNE__Image__placeholder"
          />
        </View>
        <View
          style={
            Object {
              "flex": 1,
              "height": null,
              "width": null,
            }
          }
        />
      </View>
    </View>
    <View
      width={16}
    />
    <View
      style={
        Object {
          "flex": 1,
          "justifyContent": "center",
        }
      }
    >
      <Text
        style={
          Object {
            "backgroundColor": "transparent",
            "fontSize": 17,
          }
        }
        testID="listItemTitle"
        theme={
          Object {
            "colors": Object {
              "disabled": "hsl(208, 8%, 90%)",
              "divider": "#bcbbc1",
              "error": "#ff190c",
              "grey0": "#393e42",
              "grey1": "#43484d",
              "grey2": "#5e6977",
              "grey3": "#86939e",
              "grey4": "#bdc6cf",
              "grey5": "#e1e8ee",
              "greyOutline": "#bbb",
              "platform": Object {
                "android": Object {
                  "error": "#f44336",
                  "primary": "#2196f3",
                  "secondary": "#9C27B0",
                  "success": "#4caf50",
                  "warning": "#ffeb3b",
                },
                "ios": Object {
                  "error": "#ff3b30",
                  "primary": "#007aff",
                  "secondary": "#5856d6",
                  "success": "#4cd964",
                  "warning": "#ffcc00",
                },
              },
              "primary": "#2089dc",
              "searchBg": "#303337",
              "secondary": "#8F0CE8",
              "success": "#52c41a",
              "warning": "#faad14",
            },
          }
        }
      >
        name
      </Text>
      <Text
        style={
          Object {
            "backgroundColor": "transparent",
            "fontSize": 15,
          }
        }
        theme={
          Object {
            "colors": Object {
              "disabled": "hsl(208, 8%, 90%)",
              "divider": "#bcbbc1",
              "error": "#ff190c",
              "grey0": "#393e42",
              "grey1": "#43484d",
              "grey2": "#5e6977",
              "grey3": "#86939e",
              "grey4": "#bdc6cf",
              "grey5": "#e1e8ee",
              "greyOutline": "#bbb",
              "platform": Object {
                "android": Object {
                  "error": "#f44336",
                  "primary": "#2196f3",
                  "secondary": "#9C27B0",
                  "success": "#4caf50",
                  "warning": "#ffeb3b",
                },
                "ios": Object {
                  "error": "#ff3b30",
                  "primary": "#007aff",
                  "secondary": "#5856d6",
                  "success": "#4cd964",
                  "warning": "#ffcc00",
                },
              },
              "primary": "#2089dc",
              "searchBg": "#303337",
              "secondary": "#8F0CE8",
              "success": "#52c41a",
              "warning": "#faad14",
            },
          }
        }
      >
        12/17/2019, 12:00:00 AM
      </Text>
    </View>
    <View
      width={16}
    />
    <View>
      <View
        style={
          Object {
            "alignItems": "center",
            "backgroundColor": "transparent",
            "justifyContent": "center",
          }
        }
        theme={
          Object {
            "colors": Object {
              "disabled": "hsl(208, 8%, 90%)",
              "divider": "#bcbbc1",
              "error": "#ff190c",
              "grey0": "#393e42",
              "grey1": "#43484d",
              "grey2": "#5e6977",
              "grey3": "#86939e",
              "grey4": "#bdc6cf",
              "grey5": "#e1e8ee",
              "greyOutline": "#bbb",
              "platform": Object {
                "android": Object {
                  "error": "#f44336",
                  "primary": "#2196f3",
                  "secondary": "#9C27B0",
                  "success": "#4caf50",
                  "warning": "#ffeb3b",
                },
                "ios": Object {
                  "error": "#ff3b30",
                  "primary": "#007aff",
                  "secondary": "#5856d6",
                  "success": "#4cd964",
                  "warning": "#ffcc00",
                },
              },
              "primary": "#2089dc",
              "searchBg": "#303337",
              "secondary": "#8F0CE8",
              "success": "#52c41a",
              "warning": "#faad14",
            },
          }
        }
        underlayColor="white"
      >
        <Text />
      </View>
    </View>
  </View>
</View>
`;
