// Jest Snapshot v1, https://goo.gl/fbAQLP

exports[`<DetailScreen /> renders correctly 1`] = `
<View
  style={
    Object {
      "alignItems": "center",
      "flex": 1,
      "flexDirection": "column",
    }
  }
>
  <View
    style={
      Object {
        "backgroundColor": "transparent",
        "borderRadius": 75,
        "height": 150,
        "marginTop": 15,
        "width": 150,
      }
    }
    theme={
      Object {
        "colors": Object {
          "disabled": "hsl(208, 8%, 90%)",
          "divider": "#bcbbc1",
          "error": "#ff190c",
          "grey0": "#393e42",
          "grey1": "#43484d",
          "grey2": "#5e6977",
          "grey3": "#86939e",
          "grey4": "#bdc6cf",
          "grey5": "#e1e8ee",
          "greyOutline": "#bbb",
          "platform": Object {
            "android": Object {
              "error": "#f44336",
              "primary": "#2196f3",
              "secondary": "#9C27B0",
              "success": "#4caf50",
              "warning": "#ffeb3b",
            },
            "ios": Object {
              "error": "#ff3b30",
              "primary": "#007aff",
              "secondary": "#5856d6",
              "success": "#4cd964",
              "warning": "#ffcc00",
            },
          },
          "primary": "#2089dc",
          "searchBg": "#303337",
          "secondary": "#8F0CE8",
          "success": "#52c41a",
          "warning": "#faad14",
        },
      }
    }
  >
    <View
      accessibilityIgnoresInvertColors={true}
      style={
        Object {
          "backgroundColor": "#bdbdbd",
          "borderRadius": 75,
          "flex": 1,
          "overflow": "hidden",
          "position": "relative",
        }
      }
    >
      <Image
        onLoad={[Function]}
        source={
          Object {
            "uri": undefined,
          }
        }
        style={
          Array [
            Object {
              "bottom": 0,
              "left": 0,
              "position": "absolute",
              "right": 0,
              "top": 0,
            },
            Object {
              "height": null,
              "width": null,
            },
          ]
        }
        testID="RNE__Image"
        theme={
          Object {
            "colors": Object {
              "disabled": "hsl(208, 8%, 90%)",
              "divider": "#bcbbc1",
              "error": "#ff190c",
              "grey0": "#393e42",
              "grey1": "#43484d",
              "grey2": "#5e6977",
              "grey3": "#86939e",
              "grey4": "#bdc6cf",
              "grey5": "#e1e8ee",
              "greyOutline": "#bbb",
              "platform": Object {
                "android": Object {
                  "error": "#f44336",
                  "primary": "#2196f3",
                  "secondary": "#9C27B0",
                  "success": "#4caf50",
                  "warning": "#ffeb3b",
                },
                "ios": Object {
                  "error": "#ff3b30",
                  "primary": "#007aff",
                  "secondary": "#5856d6",
                  "success": "#4cd964",
                  "warning": "#ffcc00",
                },
              },
              "primary": "#2089dc",
              "searchBg": "#303337",
              "secondary": "#8F0CE8",
              "success": "#52c41a",
              "warning": "#faad14",
            },
          }
        }
      />
      <View
        accessibilityElementsHidden={true}
        importantForAccessibility="no-hide-descendants"
        pointerEvents="none"
        style={
          Object {
            "bottom": 0,
            "left": 0,
            "opacity": 1,
            "position": "absolute",
            "right": 0,
            "top": 0,
          }
        }
      >
        <View
          style={
            Object {
              "alignItems": "center",
              "backgroundColor": "#bdbdbd",
              "flex": 1,
              "height": null,
              "justifyContent": "center",
              "width": null,
            }
          }
          testID="RNE__Image__placeholder"
        />
      </View>
      <View
        style={
          Object {
            "flex": 1,
            "height": null,
            "width": null,
          }
        }
      />
    </View>
  </View>
  <Text
    style={
      Object {
        "fontSize": 42.5,
        "marginTop": 15,
        "textAlign": "center",
      }
    }
    theme={
      Object {
        "colors": Object {
          "disabled": "hsl(208, 8%, 90%)",
          "divider": "#bcbbc1",
          "error": "#ff190c",
          "grey0": "#393e42",
          "grey1": "#43484d",
          "grey2": "#5e6977",
          "grey3": "#86939e",
          "grey4": "#bdc6cf",
          "grey5": "#e1e8ee",
          "greyOutline": "#bbb",
          "platform": Object {
            "android": Object {
              "error": "#f44336",
              "primary": "#2196f3",
              "secondary": "#9C27B0",
              "success": "#4caf50",
              "warning": "#ffeb3b",
            },
            "ios": Object {
              "error": "#ff3b30",
              "primary": "#007aff",
              "secondary": "#5856d6",
              "success": "#4cd964",
              "warning": "#ffcc00",
            },
          },
          "primary": "#2089dc",
          "searchBg": "#303337",
          "secondary": "#8F0CE8",
          "success": "#52c41a",
          "warning": "#faad14",
        },
      }
    }
  >
    
  </Text>
  <Text
    style={
      Object {
        "marginTop": 15,
      }
    }
    theme={
      Object {
        "colors": Object {
          "disabled": "hsl(208, 8%, 90%)",
          "divider": "#bcbbc1",
          "error": "#ff190c",
          "grey0": "#393e42",
          "grey1": "#43484d",
          "grey2": "#5e6977",
          "grey3": "#86939e",
          "grey4": "#bdc6cf",
          "grey5": "#e1e8ee",
          "greyOutline": "#bbb",
          "platform": Object {
            "android": Object {
              "error": "#f44336",
              "primary": "#2196f3",
              "secondary": "#9C27B0",
              "success": "#4caf50",
              "warning": "#ffeb3b",
            },
            "ios": Object {
              "error": "#ff3b30",
              "primary": "#007aff",
              "secondary": "#5856d6",
              "success": "#4cd964",
              "warning": "#ffcc00",
            },
          },
          "primary": "#2089dc",
          "searchBg": "#303337",
          "secondary": "#8F0CE8",
          "success": "#52c41a",
          "warning": "#faad14",
        },
      }
    }
  >
    
  </Text>
</View>
`;
